Error at line 6: Use of uninitialized variable d.
