Error at line 3: Variable c already exists in current procedure.
