Error at line 3: Variable a already exists in current procedure.
