Error at line 2: Variable a already exists in current procedure.
