Error at line 14: Use of uninitialized variable b.
