SET 1
STORE 7
JUMP 42
SET 0
STORE 13
LOAD 13
STORE 1
SET 5
SUB 1
JZERO 37
JUMP 11
LOAD 13
STORE 1
SET 0
STORE 2
SUB 1
JPOS 21
LOAD 1
SUB 2
JPOS 21
JUMP 22
JUMP 24
SET 5
STORE 12
SET 0
STORE 1
LOAD 13
SUB 1
JZERO 33
JUMP 30
SET 5
ADD 12
STORE 12
SET 1
ADD 13
STORE 13
JUMP 5
LOAD 12
STORE 11
LOAD 11
STOREI 10
JUMPI 9
SET 14
STORE 10
LOAD 14
STORE 11
SET 49
STORE 9
JUMP 3
PUT 14
HALT